2026-02-12T19:55:47.590550+0530 | ERROR | Final_data_all_apps.py:fetch_ads_txt:127 - Error fetching ads.txt | source_url=https://itunes.apple.com/lookup?id=911793120 | ads_url=https://www.zynga.com/app-ads.txt | error=
2026-02-12T19:55:48.359583+0530 | ERROR | Final_data_all_apps.py:read_ads_txt_with_pandas:109 - Error reading ads.tx data for url: https://itunes.apple.com/lookup?id=911793120 - developer url : https://www.zynga.com/
2026-02-12T19:56:29.401347+0530 | ERROR | Final_data_all_apps.py:read_ads_txt_with_pandas:109 - Error reading ads.tx data for url: https://itunes.apple.com/lookup?id=1644068469 - developer url : https://popcore.com
2026-02-12T19:56:42.541323+0530 | ERROR | Final_data_all_apps.py:read_ads_txt_with_pandas:109 - Error reading ads.tx data for url: https://itunes.apple.com/lookup?id=1660171117 - developer url : https://oakevergames.com
2026-02-12T19:57:22.007798+0530 | ERROR | Final_data_all_apps.py:fetch_ads_txt:127 - Error fetching ads.txt | source_url=https://itunes.apple.com/lookup?id=354902315 | ads_url=https://www.zynga.com/ads.txt | error=
2026-02-12T19:57:22.438786+0530 | ERROR | Final_data_all_apps.py:read_ads_txt_with_pandas:109 - Error reading ads.tx data for url: https://itunes.apple.com/lookup?id=357218860 - developer url : https://kik.com
2026-02-12T19:57:22.581340+0530 | ERROR | Final_data_all_apps.py:read_ads_txt_with_pandas:109 - Error reading ads.tx data for url: https://itunes.apple.com/lookup?id=357218860 - developer url : https://kik.com
2026-02-12T19:57:28.744073+0530 | ERROR | Final_data_all_apps.py:read_ads_txt_with_pandas:109 - Error reading ads.tx data for url: https://itunes.apple.com/lookup?id=370425586 - developer url : http://www.titantv.com/mobileinfo.aspx
2026-02-12T19:57:29.392409+0530 | ERROR | Final_data_all_apps.py:read_ads_txt_with_pandas:109 - Error reading ads.tx data for url: https://itunes.apple.com/lookup?id=370425586 - developer url : http://www.titantv.com/mobileinfo.aspx
2026-02-12T19:57:34.450847+0530 | ERROR | Final_data_all_apps.py:read_ads_txt_with_pandas:109 - Error reading ads.tx data for url: https://itunes.apple.com/lookup?id=387301602 - developer url : https://murka.com/
2026-02-12T19:57:46.062121+0530 | ERROR | Final_data_all_apps.py:read_ads_txt_with_pandas:109 - Error reading ads.tx data for url: https://itunes.apple.com/lookup?id=398157427 - developer url : http://www.mackolik.com
2026-02-12T19:57:46.261345+0530 | ERROR | Final_data_all_apps.py:read_ads_txt_with_pandas:109 - Error reading ads.tx data for url: https://itunes.apple.com/lookup?id=398157427 - developer url : http://www.mackolik.com
2026-02-12T19:57:48.561741+0530 | ERROR | Final_data_all_apps.py:read_ads_txt_with_pandas:109 - Error reading ads.tx data for url: https://itunes.apple.com/lookup?id=399057337 - developer url : http://www.flightview.com/traveltools/iphoneapp.asp
2026-02-12T19:57:48.590860+0530 | ERROR | Final_data_all_apps.py:read_ads_txt_with_pandas:109 - Error reading ads.tx data for url: https://itunes.apple.com/lookup?id=399057337 - developer url : http://www.flightview.com/traveltools/iphoneapp.asp
2026-02-12T19:58:01.509314+0530 | ERROR | Final_data_all_apps.py:fetch_ads_txt:127 - Error fetching ads.txt | source_url=https://itunes.apple.com/lookup?id=419619698 | ads_url=http://www.siouxlandmatters.com/ads.txt | error=[Errno 11001] getaddrinfo failed
2026-02-12T19:58:01.516235+0530 | ERROR | Final_data_all_apps.py:fetch_ads_txt:127 - Error fetching ads.txt | source_url=https://itunes.apple.com/lookup?id=419619698 | ads_url=http://www.siouxlandmatters.com/app-ads.txt | error=[Errno 11001] getaddrinfo failed
2026-02-12T19:58:36.830235+0530 | ERROR | Final_data_all_apps.py:read_ads_txt_with_pandas:109 - Error reading ads.tx data for url: https://itunes.apple.com/lookup?id=495583717 - developer url : http://mobilityware.com/jigsaw.php
2026-02-12T19:58:36.845163+0530 | ERROR | Final_data_all_apps.py:read_ads_txt_with_pandas:109 - Error reading ads.tx data for url: https://itunes.apple.com/lookup?id=495583717 - developer url : http://mobilityware.com/jigsaw.php
2026-02-12T19:59:04.320262+0530 | ERROR | Final_data_all_apps.py:read_ads_txt_with_pandas:109 - Error reading ads.tx data for url: https://itunes.apple.com/lookup?id=547702041 - developer url : https://tinder.com
2026-02-12T19:59:10.550761+0530 | ERROR | Final_data_all_apps.py:read_ads_txt_with_pandas:109 - Error reading ads.tx data for url: https://itunes.apple.com/lookup?id=577586159 - developer url : https://upgrade.mail.yahoo.com/
2026-02-12T19:59:17.683028+0530 | ERROR | Final_data_all_apps.py:read_ads_txt_with_pandas:109 - Error reading ads.tx data for url: https://itunes.apple.com/lookup?id=593715088 - developer url : https://www.zynga.com/
2026-02-12T19:59:17.741489+0530 | ERROR | Final_data_all_apps.py:read_ads_txt_with_pandas:109 - Error reading ads.tx data for url: https://itunes.apple.com/lookup?id=597928938 - developer url : https://www.zynga.com/
